// Vitest Snapshot v1

exports[`questions > load questions > loadedQuestions 1`] = `
[
  {
    "category": "structures",
    "questions": [
      1,
      26,
      27,
    ],
    "tag": "array",
  },
  {
    "category": "structures",
    "questions": [
      19,
      21,
      141,
    ],
    "tag": "linked-list",
  },
  {
    "category": "algorithms",
    "questions": [
      15,
      912,
    ],
    "tag": "sort",
  },
  {
    "category": "algorithms",
    "questions": [
      35,
      69,
      153,
    ],
    "tag": "binary-search",
  },
]
`;
